(let (($e1 (bvmul y #b0011))) (not (and (not (and (not (bvult $e1 t)) (not (bvult t z)))) (not (and (not (bvult t $e1)) (not (bvult $e1 z)))))))
