(let (($e1 (bvshl #b0001 y))) (let (($e2 (bvult #b0010 z))) (let (($e3 (bvult $e1 #b0010))) (let (($e4 (bvult z #b0010))) (let (($e5 (bvult $e1 z))) (let (($e6 (bvult #b0010 $e1))) (let (($e7 (bvult z $e1))) (not (and (not (and (not $e5) (not $e4))) (not (and (not $e3) (not $e2))) (not (and (not $e6) (not $e5))) (not (and (not $e7) (not $e2))) (not (and (not $e7) (not $e3))) (not (and (not $e6) (not $e4))))))))))))
