(let (($e1 (ite (bvult y #b1000) (ite (bvult y #b0100) (ite (bvult y #b0010) (ite (= y #b0000) #b0100 #b0000) #b0001) #b0010) #b0011))) (let (($e2 (bvshl #b0001 $e1))) (let (($e3 (bvshl #b0001 (bvadd #b0001 $e1)))) (not (and (not (= y $e3)) (not (= y $e2)) (not (bvult $e3 y)) (not (bvult $e2 y)) (not (= y #b0001)) (not (bvult #b0001 y)))))))