(let (($e1 (bvadd (bvshl #b0001 y) (bvadd #b0100 (bvmul y #b1011))))) (let (($e2 (ite (bvult $e1 #b1000) (ite (bvult $e1 #b0100) (ite (bvult $e1 #b0010) (ite (= $e1 #b0000) #b0100 #b0000) #b0001) #b0010) #b0011))) (let (($e3 (bvshl #b0001 $e2))) (let (($e4 (bvadd (bvshl #b1110 y) (bvadd #b0100 (bvmul y #b0100))))) (let (($e5 (bvshl #b0001 (bvadd #b0001 $e2)))) (let (($e6 (= #b0000 $e4))) (not (and (not (bvult #b0010 $e4)) (not (bvult #b0001 $e4)) (not (= #b0010 $e4)) (not (= #b0001 $e4)) (not (bvult #b0100 $e4)) (not (= #b0100 $e4)) (not (bvult #b1000 $e4)) (not (= #b1000 $e4)) (not (bvult $e5 $e4)) (not (bvult $e3 $e4)) $e6 (not (= $e4 $e5)) (not (= $e3 $e4)) (not $e6)))))))))
