(let (($e1 (bvmul y #b0111))) (let (($e2 (bvshl #b0001 t))) (let (($e3 (= $e1 #b0000))) (let (($e4 (ite (bvult $e1 #b1000) (ite (bvult $e1 #b0100) (ite (bvult $e1 #b0010) (ite $e3 #b1111 #b0000) #b0001) #b0010) #b0011))) (let (($e5 (bvshl #b0001 $e4))) (let (($e6 (bvshl #b0001 (bvadd #b0001 $e4)))) (let (($e7 (= #b0001 $e1))) (let (($e8 (= $e1 #b0010))) (let (($e9 (= $e1 #b0100))) (let (($e10 (= #b1000 $e1))) (let (($e11 (bvult #b0001 $e1))) (let (($e12 (bvult #b0010 $e1))) (let (($e13 (bvult #b0100 $e1))) (let (($e14 (bvult #b1000 $e1))) (let (($e15 (= z #b0000))) (let (($e16 (ite (bvult z #b1000) (ite (bvult z #b0100) (ite (bvult z #b0010) (ite $e15 #b1111 #b0000) #b0001) #b0010) #b0011))) (let (($e17 (bvshl #b0001 $e16))) (let (($e18 (bvshl #b0001 (bvadd #b0001 $e16)))) (let (($e19 (= z #b0001))) (let (($e20 (= z #b0010))) (let (($e21 (= z #b0100))) (let (($e22 (= z #b1000))) (let (($e23 (bvult #b0001 z))) (let (($e24 (bvult #b0010 z))) (let (($e25 (bvult #b0100 z))) (let (($e26 (bvult #b1000 z))) (let (($e27 (= $e2 #b0000))) (let (($e28 (ite (bvult $e2 #b1000) (ite (bvult $e2 #b0100) (ite (bvult $e2 #b0010) (ite $e27 #b1111 #b0000) #b0001) #b0010) #b0011))) (let (($e29 (bvshl #b0001 $e28))) (let (($e30 (bvshl #b0001 (bvadd #b0001 $e28)))) (let (($e31 (= #b0001 $e2))) (let (($e32 (= $e2 #b0010))) (let (($e33 (= $e2 #b0100))) (let (($e34 (= #b1000 $e2))) (let (($e35 (bvult #b0001 $e2))) (let (($e36 (bvult #b0010 $e2))) (let (($e37 (bvult #b0100 $e2))) (let (($e38 (bvult #b1000 $e2))) (and (not (and (not $e24) (not $e23) (not $e20) (not $e19) (not $e25) (not $e21) (not $e26) (not $e22) $e15 (not $e15) (not $e23) (not $e19) (not $e24) (not $e20) (not $e25) (not $e21) (not $e26) (not $e22) $e15 (not $e15) (not $e23) (not $e19) (not (bvult $e18 z)) (not (bvult $e17 z)) (not $e24) (not (= z $e18)) (not (= z $e17)) (not $e20))) (not (and (not $e12) (not $e11) (not $e8) (not $e7) (not $e13) (not $e9) (not $e14) (not $e10) $e3 (not $e3) (not $e11) (not $e7) (not $e12) (not $e8) (not $e13) (not $e9) (not $e14) (not $e10) $e3 (not $e3) (not $e11) (not $e7) (not (bvult $e6 $e1)) (not (bvult $e5 $e1)) (not $e12) (not (= $e1 $e6)) (not (= $e1 $e5)) (not $e8))) (not (and (not $e36) (not $e35) (not $e32) (not $e31) (not $e37) (not $e33) (not $e38) (not $e34) $e27 (not $e27) (not $e35) (not $e31) (not $e36) (not $e32) (not $e37) (not $e33) (not $e38) (not $e34) $e27 (not $e27) (not $e35) (not $e31) (not (bvult $e30 $e2)) (not (bvult $e29 $e2)) (not $e36) (not (= $e2 $e30)) (not (= $e2 $e29)) (not $e32))))))))))))))))))))))))))))))))))))))))))
