(let (($e1 (bvadd y #b1110))) (let (($e2 (ite (bvult $e1 #b1000) (ite (bvult $e1 #b0100) (ite (bvult $e1 #b0010) (ite (= y #b0010) #b0100 #b0000) #b0001) #b0010) #b0011))) (let (($e3 (bvadd #b0010 (bvshl #b0001 $e2)))) (let (($e4 (bvadd #b0010 (bvshl #b0001 (bvadd #b0001 $e2))))) (not (and (not (bvult #b0100 $e1)) (not (bvult #b0011 $e1)) (not (= y #b0110)) (not (= y #b0101)) (not (bvult #b0110 $e1)) (not (= y #b1000)) (not (bvult #b1010 $e1)) (not (= y #b1100)) (not (bvult $e4 $e1)) (not (bvult $e3 $e1)) (not (bvult #b0010 $e1)) (not (= $e1 $e4)) (not (= $e1 $e3)) (not (= y #b0100))))))))
