(let (($e1 (bvadd y #b1100))) (let (($e2 (= y #b0100))) (let (($e3 (ite (bvult $e1 #b1000) (ite (bvult $e1 #b0100) (ite (bvult $e1 #b0010) (ite $e2 #b0100 #b0000) #b0001) #b0010) #b0011))) (let (($e4 (bvshl #b1011 (bvadd #b1101 $e3)))) (let (($e5 (bvshl #b1011 (bvadd #b1110 $e3)))) (not (and (not (bvult #b0110 $e1)) (not (bvult #b1011 $e1)) (not (= y #b1010)) (not (= y #b1111)) (not (bvult #b1100 $e1)) (not (= y #b0000)) (not (bvult #b1000 $e1)) (not (= y #b1100)) (not (bvult $e5 $e1)) (not (bvult $e4 $e1)) $e2 (not (= $e1 $e5)) (not (= $e1 $e4)) (not $e2))))))))
