(let (($e1 (bvadd y #xe))) (not (and (not (bvult #x4 $e1)) (not (bvult #x3 $e1)) (not (bvult #x6 $e1)) (not (bvult #xa $e1)) (not (bvult #x2 $e1)))))
