(let (($e1 (bvadd #x1 (bvadd y (bvshl #x1 y))))) (let (($e2 (bvult #x6 $e1))) (not (and (not (bvult #x3 $e1)) (not (bvult #x1 $e1)) (not $e2) (not (bvult #xb $e1)) (not (bvult #x4 $e1)) (not (bvult #x5 $e1)) (not $e2)))))
