(not (bvult (bvadd z (bvmul y #x3)) (bvadd y #xa)))
