(let (($e1 (bvshl #x3 y))) (let (($e2 (bvmul y #xc))) (let (($e3 (= y #x0))) (let (($e4 (ite (bvult y #x8) (ite (bvult y #x4) (ite (bvult y #x2) (ite $e3 #xf #x0) #x1) #x2) #x3))) (let (($e5 (= $e1 #x0))) (let (($e6 (and $e5 (= y #x1)))) (let (($e7 (and (not (and (not (= #x1 $e2)) (not (bvult #x1 $e2)))) (not (and (not (= #x1 $e1)) (not $e5)))))) (let (($e8 (and $e7 (= y #x2)))) (let (($e9 (and (not (and (not (= $e2 #x2)) (not (bvult #x2 $e2)))) (not (and (not (= $e1 #x2)) (not (bvult $e1 #x2))))))) (let (($e10 (and $e9 (= y #x4)))) (let (($e11 (and (not (and (not (= #x3 $e2)) (not (bvult #x3 $e2)))) (not (and (not (= #x3 $e1)) (not (bvult $e1 #x3))))))) (let (($e12 (and $e11 (= y #x8)))) (let (($e13 (and (not (and (not (= $e2 #x4)) (not (bvult #x4 $e2)))) (not (and (not (= $e1 #x4)) (not (bvult $e1 #x4))))))) (let (($e14 (and $e13 $e3))) (let (($e15 (and (not (and (not (= $e2 #x5)) (not (bvult #x5 $e2)))) (not (and (not (= $e1 #x5)) (not (bvult $e1 #x5))))))) (let (($e16 (and $e15 $e3))) (let (($e17 (and (not (and (not (= $e2 #x6)) (not (bvult #x6 $e2)))) (not (and (not (= $e1 #x6)) (not (bvult $e1 #x6))))))) (let (($e18 (and $e17 $e3))) (let (($e19 (and (not (and (not (= $e2 #x7)) (not (bvult #x7 $e2)))) (not (and (not (= $e1 #x7)) (not (bvult $e1 #x7))))))) (let (($e20 (and $e19 $e3))) (let (($e21 (and (not (and (not (= $e2 #x8)) (not (bvult #x8 $e2)))) (not (and (not (= $e1 #x8)) (not (bvult $e1 #x8))))))) (let (($e22 (and $e21 $e3))) (let (($e23 (and (not (and (not (= $e2 #x9)) (not (bvult #x9 $e2)))) (not (and (not (= $e1 #x9)) (not (bvult $e1 #x9))))))) (let (($e24 (and $e23 $e3))) (let (($e25 (and (not (and (not (= $e2 #xa)) (not (bvult #xa $e2)))) (not (and (not (= $e1 #xa)) (not (bvult $e1 #xa))))))) (let (($e26 (and $e25 $e3))) (let (($e27 (and (not (and (not (= $e2 #xb)) (not (bvult #xb $e2)))) (not (and (not (= $e1 #xb)) (not (bvult $e1 #xb))))))) (let (($e28 (and $e27 $e3))) (let (($e29 (and (not (and (not (= #xc $e2)) (not (bvult #xc $e2)))) (not (and (not (= #xc $e1)) (not (bvult $e1 #xc))))))) (let (($e30 (and $e29 $e3))) (let (($e31 (and (not (and (not (= $e2 #xd)) (not (bvult #xd $e2)))) (not (and (not (= $e1 #xd)) (not (bvult $e1 #xd))))))) (let (($e32 (and $e31 $e3))) (let (($e33 (and (not (and (not (= #xe $e2)) (not (bvult #xe $e2)))) (not (and (not (= #xe $e1)) (not (bvult $e1 #xe))))))) (let (($e34 (and $e33 $e3))) (let (($e35 (= $e2 #xf))) (let (($e36 (and $e35 $e3))) (let (($e37 (and (bvult #x1 y) $e5))) (let (($e38 (and (bvult #x2 y) $e7))) (let (($e39 (and (bvult #x4 y) $e9))) (let (($e40 (and (bvult #x8 y) $e11))) (let (($e41 (and $e13 (not $e3)))) (let (($e42 (and $e15 (not $e3)))) (let (($e43 (and $e17 (not $e3)))) (let (($e44 (and $e19 (not $e3)))) (let (($e45 (and $e21 (not $e3)))) (let (($e46 (and $e23 (not $e3)))) (let (($e47 (and $e25 (not $e3)))) (let (($e48 (and $e27 (not $e3)))) (let (($e49 (and $e29 (not $e3)))) (let (($e50 (and $e31 (not $e3)))) (let (($e51 (and $e33 (not $e3)))) (let (($e52 (and $e35 (not $e3)))) (not (and (not $e38) (not $e37) (not $e39) (not $e8) (not $e6) (not $e40) (not $e10) (not $e41) (not $e12) (not $e42) (not $e14) (not $e43) (not $e16) (not $e44) (not $e18) (not $e45) (not $e20) (not $e46) (not $e22) (not $e47) (not $e24) (not $e48) (not $e26) (not $e49) (not $e28) (not $e50) (not $e30) (not $e51) (not $e32) (not $e52) (not $e34) (not $e37) (not $e36) (not $e38) (not $e6) (not $e39) (not $e8) (not $e40) (not $e10) (not $e41) (not $e12) (not $e42) (not $e14) (not $e43) (not $e16) (not $e44) (not $e18) (not $e45) (not $e20) (not $e46) (not $e22) (not $e47) (not $e24) (not $e48) (not $e26) (not $e49) (not $e28) (not $e50) (not $e30) (not $e51) (not $e32) (not $e52) (not $e34) (not $e37) (not $e36) (not $e38) (not $e6) (not (and (not (and (not (= $e2 $e4)) (not (bvult $e4 $e2)))) (not (and (not (= $e1 $e4)) (not (bvult $e1 $e4)))) (bvult (bvshl #x1 $e4) y))) (not $e8)))))))))))))))))))))))))))))))))))))))))))))))))))))))
