(let (($e1 (bvadd y (bvadd (bvmul z #x3) #x8)))) (let (($e2 (bvadd (bvshl #x1 y) (bvadd #x4 (bvmul y #xb))))) (let (($e3 (bvshl #x3 y))) (let (($e4 (bvmul y #xc))) (let (($e5 (= $e3 #x0))) (let (($e6 (and (not (and (not (= #x1 $e4)) (not (bvult #x1 $e4)))) (not (and (not (= #x1 $e3)) (not $e5)))))) (let (($e7 (and (not (and (not (= $e4 #x2)) (not (bvult #x2 $e4)))) (not (and (not (= $e3 #x2)) (not (bvult $e3 #x2))))))) (let (($e8 (and (not (and (not (= #x3 $e4)) (not (bvult #x3 $e4)))) (not (and (not (= #x3 $e3)) (not (bvult $e3 #x3))))))) (let (($e9 (= $e1 #x0))) (let (($e10 (and (not (and (not (= #x4 $e4)) (not (bvult #x4 $e4)))) (not (and (not (= #x4 $e3)) (not (bvult $e3 #x4))))))) (let (($e11 (= $e2 #x0))) (and (not (and (not (and (bvult #x2 $e2) $e6)) (not (and (bvult #x1 $e2) $e5)) (not (and (= $e2 #x2) $e6)) (not (and (= #x1 $e2) $e5)) (not (and (bvult #x4 $e2) $e7)) (not (and (= #x4 $e2) $e7)) (not (and (bvult #x8 $e2) $e8)) (not (and (= #x8 $e2) $e8)) (not (and (not $e11) $e10)) (not (and $e11 $e10)))) (not (and (not (and (bvult #x2 $e1) $e6)) (not (and (bvult #x1 $e1) $e5)) (not (and $e6 (= $e1 #x2))) (not (and $e5 (= #x1 $e1))) (not (and (bvult #x4 $e1) $e7)) (not (and $e7 (= $e1 #x4))) (not (and (bvult #x8 $e1) $e8)) (not (and $e8 (= #x8 $e1))) (not (and $e10 (not $e9))) (not (and $e10 $e9))))))))))))))))
