(and (= (bvmul y #xc) #xf) (= (bvmul y #x3) #x0))
