(and (not (bvult (bvmul y #b1111100101) z)) (not (bvult t z)))
