(let (($e1 (bvadd y (bvadd (bvmul z #b000011) #b001000)))) (let (($e2 (= $e1 #b000000))) (not (and (not (= $e1 #b000010)) (not (= $e1 #b000001)) (not (bvult $e1 #b000010)) (not $e2) (not (= $e1 #b000100)) (not (bvult $e1 #b000100)) (not (= #b001000 $e1)) (not (bvult $e1 #b001000)) (not (= $e1 #b010000)) (not (bvult $e1 #b010000)) (not (= $e1 #b100000)) (not (bvult $e1 #b100000)) (not $e2)))))
