(let (($e1 (= y #b0000))) (let (($e2 (ite (bvult y #b1000) (ite (bvult y #b0100) (ite (bvult y #b0010) (ite $e1 #b1111 #b0000) #b0001) #b0010) #b0011))) (let (($e3 (= y #b0001))) (let (($e4 (= y #b0010))) (let (($e5 (= y #b0100))) (let (($e6 (= y #b1000))) (let (($e7 (bvult #b0001 y))) (let (($e8 (bvult #b0010 y))) (let (($e9 (bvult #b0100 y))) (let (($e10 (bvult #b1000 y))) (not (and (not $e8) (not $e7) (not $e9) (not $e4) (not $e3) (not $e10) (not $e5) $e1 (not $e6) (not $e7) (not $e1) (not $e8) (not $e3) (not $e9) (not $e4) (not $e10) (not $e5) $e1 (not $e6) (not $e7) (not $e1) (not (bvult (bvshl #b0001 (bvadd #b0001 $e2)) y)) (not (bvult (bvshl #b0001 $e2) y)) (not $e8) (not $e3) (not $e4)))))))))))))
