(let (($e1 (bvadd (bvshl #b0001 y) (bvadd #b0100 (bvmul y #b1011))))) (let (($e2 (= $e1 #b0000))) (let (($e3 (ite (bvult $e1 #b1000) (ite (bvult $e1 #b0100) (ite (bvult $e1 #b0010) (ite $e2 #b1111 #b0000) #b0001) #b0010) #b0011))) (let (($e4 (bvshl #b0001 $e3))) (let (($e5 (bvshl #b0001 (bvadd #b0001 $e3)))) (let (($e6 (= #b0001 $e1))) (let (($e7 (= $e1 #b0010))) (let (($e8 (= #b0100 $e1))) (let (($e9 (= $e1 #b1000))) (let (($e10 (bvult #b0001 $e1))) (let (($e11 (bvult #b0010 $e1))) (let (($e12 (bvult #b0100 $e1))) (let (($e13 (bvult #b1000 $e1))) (not (and (not $e11) (not $e10) (not $e7) (not $e6) (not $e12) (not $e8) (not $e13) (not $e9) $e2 (not $e2) (not $e10) (not $e6) (not $e11) (not $e7) (not $e12) (not $e8) (not $e13) (not $e9) $e2 (not $e2) (not $e10) (not $e6) (not (bvult $e5 $e1)) (not (bvult $e4 $e1)) (not $e11) (not (= $e1 $e5)) (not (= $e1 $e4)) (not $e7))))))))))))))))
