(and (not (bvult (bvmul y #b0011) z)) (not (bvult t z)))
