(let (($e1 (bvshl #b0001 z))) (and (not (bvult (bvshl #b0011 y) $e1)) (not (bvult t $e1))))
