(let (($e1 (= z #b0000))) (let (($e2 (ite (bvult z #b1000) (ite (bvult z #b0100) (ite (bvult z #b0010) (ite $e1 #b1111 #b0000) #b0001) #b0010) #b0011))) (let (($e3 (bvshl #b0001 $e2))) (let (($e4 (and (not (= y $e2)) (not (bvult $e2 y))))) (let (($e5 (= z #b0001))) (let (($e6 (and (not (= y #b0001)) (not (bvult #b0001 y))))) (let (($e7 (and (not $e6) (= z #b0010)))) (let (($e8 (and (not (= y #b0010)) (not (bvult #b0010 y))))) (let (($e9 (and (not $e8) (= z #b0100)))) (let (($e10 (and (not (= y #b0011)) (not (bvult #b0011 y))))) (let (($e11 (and (not $e10) (= z #b1000)))) (let (($e12 (and (not (= y #b0100)) (not (bvult #b0100 y))))) (let (($e13 (and (not $e12) $e1))) (let (($e14 (and (not (= y #b0101)) (not (bvult #b0101 y))))) (let (($e15 (and (not $e14) $e1))) (let (($e16 (and (not (= y #b0110)) (not (bvult #b0110 y))))) (let (($e17 (and (not $e16) $e1))) (let (($e18 (and (not (= y #b0111)) (not (bvult #b0111 y))))) (let (($e19 (and (not $e18) $e1))) (let (($e20 (and (not (= y #b1000)) (not (bvult #b1000 y))))) (let (($e21 (and (not $e20) $e1))) (let (($e22 (and (not (= y #b1001)) (not (bvult #b1001 y))))) (let (($e23 (and (not $e22) $e1))) (let (($e24 (and (not (= y #b1010)) (not (bvult #b1010 y))))) (let (($e25 (and (not $e24) $e1))) (let (($e26 (and (not (= y #b1011)) (not (bvult #b1011 y))))) (let (($e27 (and (not $e26) $e1))) (let (($e28 (and (not (= y #b1100)) (not (bvult #b1100 y))))) (let (($e29 (and (not $e28) $e1))) (let (($e30 (and (not (= y #b1101)) (not (bvult #b1101 y))))) (let (($e31 (and (not $e30) $e1))) (let (($e32 (and (not (= y #b1110)) (not (bvult #b1110 y))))) (let (($e33 (and (not $e32) $e1))) (let (($e34 (= y #b1111))) (let (($e35 (and $e34 $e1))) (let (($e36 (bvult #b0001 z))) (let (($e37 (and (bvult #b0010 z) (not $e6)))) (let (($e38 (and (bvult #b0100 z) (not $e8)))) (let (($e39 (and (bvult #b1000 z) (not $e10)))) (let (($e40 (and (not $e12) (not $e1)))) (let (($e41 (and (not $e14) (not $e1)))) (let (($e42 (and (not $e16) (not $e1)))) (let (($e43 (and (not $e18) (not $e1)))) (let (($e44 (and (not $e20) (not $e1)))) (let (($e45 (and (not $e22) (not $e1)))) (let (($e46 (and (not $e24) (not $e1)))) (let (($e47 (and (not $e26) (not $e1)))) (let (($e48 (and (not $e28) (not $e1)))) (let (($e49 (and (not $e30) (not $e1)))) (let (($e50 (and (not $e32) (not $e1)))) (let (($e51 (and $e34 (not $e1)))) (not (and (not $e37) (not $e36) (not $e7) (not $e5) (not $e38) (not $e9) (not $e39) (not $e11) (not $e40) (not $e13) (not $e41) (not $e15) (not $e42) (not $e17) (not $e43) (not $e19) (not $e44) (not $e21) (not $e45) (not $e23) (not $e46) (not $e25) (not $e47) (not $e27) (not $e48) (not $e29) (not $e49) (not $e31) (not $e50) (not $e33) (not $e51) (not $e35) (not $e36) (not $e5) (not $e37) (not $e7) (not $e38) (not $e9) (not $e39) (not $e11) (not $e40) (not $e13) (not $e41) (not $e15) (not $e42) (not $e17) (not $e43) (not $e19) (not $e44) (not $e21) (not $e45) (not $e23) (not $e46) (not $e25) (not $e47) (not $e27) (not $e48) (not $e29) (not $e49) (not $e31) (not $e50) (not $e33) (not $e51) (not $e35) (not $e36) (not $e5) (not $e37) (not $e7) (not (and (bvult $e3 z) (not $e4))) (not (and (not $e4) (= z $e3))))))))))))))))))))))))))))))))))))))))))))))))))))))))
