(let (($e1 (bvshl #x5 y))) (let (($e2 (bvadd $e1 #x7))) (let (($e3 (= $e1 #x9))) (let (($e4 (ite (bvult $e2 #x8) (ite (bvult $e2 #x4) (ite (bvult $e2 #x2) (ite $e3 #xf #x0) #x1) #x2) #x3))) (let (($e5 (bvshl #x1 $e4))) (let (($e6 (bvshl #x1 (bvadd #x1 $e4)))) (let (($e7 (= #xa $e1))) (let (($e8 (= $e1 #xb))) (let (($e9 (= $e1 #xd))) (let (($e10 (= #x1 $e1))) (let (($e11 (bvult #x1 $e2))) (let (($e12 (bvult #x2 $e2))) (let (($e13 (bvult #x4 $e2))) (let (($e14 (bvult #x8 $e2))) (not (and (not $e12) (not $e11) (not $e8) (not $e7) (not $e13) (not $e9) (not $e14) (not $e10) $e3 (not $e3) (not $e11) (not $e7) (not $e12) (not $e8) (not $e13) (not $e9) (not $e14) (not $e10) $e3 (not $e3) (not $e11) (not $e7) (not (bvult $e6 $e2)) (not (bvult $e5 $e2)) (not $e12) (not (= $e2 $e6)) (not (= $e2 $e5)) (not $e8)))))))))))))))))
