(let (($e1 (bvadd y (bvadd (bvmul z #x3) #x8)))) (let (($e2 (= $e1 #x0))) (let (($e3 (ite (bvult $e1 #x8) (ite (bvult $e1 #x4) (ite (bvult $e1 #x2) (ite $e2 #xf #x0) #x1) #x2) #x3))) (let (($e4 (bvshl #x1 $e3))) (let (($e5 (bvshl #x1 (bvadd #x1 $e3)))) (let (($e6 (= #x1 $e1))) (let (($e7 (= $e1 #x2))) (let (($e8 (= $e1 #x4))) (let (($e9 (= #x8 $e1))) (let (($e10 (bvult #x1 $e1))) (let (($e11 (bvult #x2 $e1))) (let (($e12 (bvult #x4 $e1))) (let (($e13 (bvult #x8 $e1))) (not (and (not $e11) (not $e10) (not $e7) (not $e6) (not $e12) (not $e8) (not $e13) (not $e9) $e2 (not $e2) (not $e10) (not $e6) (not $e11) (not $e7) (not $e12) (not $e8) (not $e13) (not $e9) $e2 (not $e2) (not $e10) (not $e6) (not (bvult $e5 $e1)) (not (bvult $e4 $e1)) (not $e11) (not (= $e1 $e5)) (not (= $e1 $e4)) (not $e7))))))))))))))))
